Archive member included to satisfy reference by file (symbol)

D:/New folder/STM32CubeIDE_1.19.0/STM32CubeIDE/plugins/com.st.stm32cube.ide.mcu.externaltools.gnu-tools-for-stm32.13.3.rel1.win32_1.0.0.202411081344/tools/bin/../lib/gcc/arm-none-eabi/13.3.1/../../../../arm-none-eabi/lib/thumb/v7e-m+dp/hard\libc_nano.a(libc_a-exit.o)
                              D:/New folder/STM32CubeIDE_1.19.0/STM32CubeIDE/plugins/com.st.stm32cube.ide.mcu.externaltools.gnu-tools-for-stm32.13.3.rel1.win32_1.0.0.202411081344/tools/bin/../lib/gcc/arm-none-eabi/13.3.1/../../../../arm-none-eabi/lib/thumb/v7e-m+dp/hard/crt0.o (exit)
D:/New folder/STM32CubeIDE_1.19.0/STM32CubeIDE/plugins/com.st.stm32cube.ide.mcu.externaltools.gnu-tools-for-stm32.13.3.rel1.win32_1.0.0.202411081344/tools/bin/../lib/gcc/arm-none-eabi/13.3.1/../../../../arm-none-eabi/lib/thumb/v7e-m+dp/hard\libc_nano.a(libc_a-findfp.o)
                              D:/New folder/STM32CubeIDE_1.19.0/STM32CubeIDE/plugins/com.st.stm32cube.ide.mcu.externaltools.gnu-tools-for-stm32.13.3.rel1.win32_1.0.0.202411081344/tools/bin/../lib/gcc/arm-none-eabi/13.3.1/../../../../arm-none-eabi/lib/thumb/v7e-m+dp/hard\libc_nano.a(libc_a-exit.o) (__stdio_exit_handler)
D:/New folder/STM32CubeIDE_1.19.0/STM32CubeIDE/plugins/com.st.stm32cube.ide.mcu.externaltools.gnu-tools-for-stm32.13.3.rel1.win32_1.0.0.202411081344/tools/bin/../lib/gcc/arm-none-eabi/13.3.1/../../../../arm-none-eabi/lib/thumb/v7e-m+dp/hard\libc_nano.a(libc_a-fwalk.o)
                              D:/New folder/STM32CubeIDE_1.19.0/STM32CubeIDE/plugins/com.st.stm32cube.ide.mcu.externaltools.gnu-tools-for-stm32.13.3.rel1.win32_1.0.0.202411081344/tools/bin/../lib/gcc/arm-none-eabi/13.3.1/../../../../arm-none-eabi/lib/thumb/v7e-m+dp/hard\libc_nano.a(libc_a-findfp.o) (_fwalk_sglue)
D:/New folder/STM32CubeIDE_1.19.0/STM32CubeIDE/plugins/com.st.stm32cube.ide.mcu.externaltools.gnu-tools-for-stm32.13.3.rel1.win32_1.0.0.202411081344/tools/bin/../lib/gcc/arm-none-eabi/13.3.1/../../../../arm-none-eabi/lib/thumb/v7e-m+dp/hard\libc_nano.a(libc_a-stdio.o)
                              D:/New folder/STM32CubeIDE_1.19.0/STM32CubeIDE/plugins/com.st.stm32cube.ide.mcu.externaltools.gnu-tools-for-stm32.13.3.rel1.win32_1.0.0.202411081344/tools/bin/../lib/gcc/arm-none-eabi/13.3.1/../../../../arm-none-eabi/lib/thumb/v7e-m+dp/hard\libc_nano.a(libc_a-findfp.o) (__sread)
D:/New folder/STM32CubeIDE_1.19.0/STM32CubeIDE/plugins/com.st.stm32cube.ide.mcu.externaltools.gnu-tools-for-stm32.13.3.rel1.win32_1.0.0.202411081344/tools/bin/../lib/gcc/arm-none-eabi/13.3.1/../../../../arm-none-eabi/lib/thumb/v7e-m+dp/hard\libc_nano.a(libc_a-memset.o)
                              D:/New folder/STM32CubeIDE_1.19.0/STM32CubeIDE/plugins/com.st.stm32cube.ide.mcu.externaltools.gnu-tools-for-stm32.13.3.rel1.win32_1.0.0.202411081344/tools/bin/../lib/gcc/arm-none-eabi/13.3.1/../../../../arm-none-eabi/lib/thumb/v7e-m+dp/hard/crt0.o (memset)
D:/New folder/STM32CubeIDE_1.19.0/STM32CubeIDE/plugins/com.st.stm32cube.ide.mcu.externaltools.gnu-tools-for-stm32.13.3.rel1.win32_1.0.0.202411081344/tools/bin/../lib/gcc/arm-none-eabi/13.3.1/../../../../arm-none-eabi/lib/thumb/v7e-m+dp/hard\libc_nano.a(libc_a-closer.o)
                              D:/New folder/STM32CubeIDE_1.19.0/STM32CubeIDE/plugins/com.st.stm32cube.ide.mcu.externaltools.gnu-tools-for-stm32.13.3.rel1.win32_1.0.0.202411081344/tools/bin/../lib/gcc/arm-none-eabi/13.3.1/../../../../arm-none-eabi/lib/thumb/v7e-m+dp/hard\libc_nano.a(libc_a-stdio.o) (_close_r)
D:/New folder/STM32CubeIDE_1.19.0/STM32CubeIDE/plugins/com.st.stm32cube.ide.mcu.externaltools.gnu-tools-for-stm32.13.3.rel1.win32_1.0.0.202411081344/tools/bin/../lib/gcc/arm-none-eabi/13.3.1/../../../../arm-none-eabi/lib/thumb/v7e-m+dp/hard\libc_nano.a(libc_a-reent.o)
                              D:/New folder/STM32CubeIDE_1.19.0/STM32CubeIDE/plugins/com.st.stm32cube.ide.mcu.externaltools.gnu-tools-for-stm32.13.3.rel1.win32_1.0.0.202411081344/tools/bin/../lib/gcc/arm-none-eabi/13.3.1/../../../../arm-none-eabi/lib/thumb/v7e-m+dp/hard\libc_nano.a(libc_a-closer.o) (errno)
D:/New folder/STM32CubeIDE_1.19.0/STM32CubeIDE/plugins/com.st.stm32cube.ide.mcu.externaltools.gnu-tools-for-stm32.13.3.rel1.win32_1.0.0.202411081344/tools/bin/../lib/gcc/arm-none-eabi/13.3.1/../../../../arm-none-eabi/lib/thumb/v7e-m+dp/hard\libc_nano.a(libc_a-impure.o)
                              D:/New folder/STM32CubeIDE_1.19.0/STM32CubeIDE/plugins/com.st.stm32cube.ide.mcu.externaltools.gnu-tools-for-stm32.13.3.rel1.win32_1.0.0.202411081344/tools/bin/../lib/gcc/arm-none-eabi/13.3.1/../../../../arm-none-eabi/lib/thumb/v7e-m+dp/hard\libc_nano.a(libc_a-reent.o) (_impure_ptr)
D:/New folder/STM32CubeIDE_1.19.0/STM32CubeIDE/plugins/com.st.stm32cube.ide.mcu.externaltools.gnu-tools-for-stm32.13.3.rel1.win32_1.0.0.202411081344/tools/bin/../lib/gcc/arm-none-eabi/13.3.1/../../../../arm-none-eabi/lib/thumb/v7e-m+dp/hard\libc_nano.a(libc_a-lseekr.o)
[...]
Memory Configuration

Name             Origin             Length             Attributes
ITCMRAM          0x00000000         0x00010000         xrw
DTCMRAM          0x20000000         0x00020000         xrw
FLASH            0x08000000         0x00100000         xr
RAM_D1           0x24000000         0x00050000         xrw
RAM_D2           0x30000000         0x00008000         xrw
RAM_D3           0x38000000         0x00004000         xrw
*default*        0x00000000         0xffffffff

Linker script and memory map

LOAD D:/New folder/STM32CubeIDE_1.19.0/STM32CubeIDE/plugins/com.st.stm32cube.ide.mcu.externaltools.gnu-tools-for-stm32.13.3.rel1.win32_1.0.0.202411081344/tools/bin/../lib/gcc/arm-none-eabi/13.3.1/thumb/v7e-m+dp/hard/crti.o
LOAD D:/New folder/STM32CubeIDE_1.19.0/STM32CubeIDE/plugins/com.st.stm32cube.ide.mcu.externaltools.gnu-tools-for-stm32.13.3.rel1.win32_1.0.0.202411081344/tools/bin/../lib/gcc/arm-none-eabi/13.3.1/thumb/v7e-m+dp/hard/crtbegin.o
LOAD D:/New folder/STM32CubeIDE_1.19.0/STM32CubeIDE/plugins/com.st.stm32cube.ide.mcu.externaltools.gnu-tools-for-stm32.13.3.rel1.win32_1.0.0.202411081344/tools/bin/../lib/gcc/arm-none-eabi/13.3.1/../../../../arm-none-eabi/lib/thumb/v7e-m+dp/hard/crt0.o
LOAD ./Core/Src/can_status.o
LOAD ./Core/Src/enable_logic.o
LOAD ./Core/Src/main.o
LOAD ./Core/Src/stm32h7xx_hal_msp.o
LOAD ./Core/Src/stm32h7xx_it.o
LOAD ./Core/Src/syscalls.o
LOAD ./Core/Src/sysmem.o
LOAD ./Core/Src/system_stm32h7xx.o
LOAD ./Core/Startup/startup_stm32h723zgtx.o
LOAD ./Drivers/STM32H7xx_HAL_Driver/Src/stm32h7xx_hal.o
LOAD ./Drivers/STM32H7xx_HAL_Driver/Src/stm32h7xx_hal_cortex.o
LOAD ./Drivers/STM32H7xx_HAL_Driver/Src/stm32h7xx_hal_dma.o
LOAD ./Drivers/STM32H7xx_HAL_Driver/Src/stm32h7xx_hal_dma_ex.o
LOAD ./Drivers/STM32H7xx_HAL_Driver/Src/stm32h7xx_hal_exti.o
LOAD ./Drivers/STM32H7xx_HAL_Driver/Src/stm32h7xx_hal_fdcan.o
LOAD ./Drivers/STM32H7xx_HAL_Driver/Src/stm32h7xx_hal_flash.o
LOAD ./Drivers/STM32H7xx_HAL_Driver/Src/stm32h7xx_hal_flash_ex.o
LOAD ./Drivers/STM32H7xx_HAL_Driver/Src/stm32h7xx_hal_gpio.o
LOAD ./Drivers/STM32H7xx_HAL_Driver/Src/stm32h7xx_hal_hsem.o
LOAD ./Drivers/STM32H7xx_HAL_Driver/Src/stm32h7xx_hal_i2c.o
LOAD ./Drivers/STM32H7xx_HAL_Driver/Src/stm32h7xx_hal_i2c_ex.o
LOAD ./Drivers/STM32H7xx_HAL_Driver/Src/stm32h7xx_hal_mdma.o
LOAD ./Drivers/STM32H7xx_HAL_Driver/Src/stm32h7xx_hal_pwr.o
LOAD ./Drivers/STM32H7xx_HAL_Driver/Src/stm32h7xx_hal_pwr_ex.o
LOAD ./Drivers/STM32H7xx_HAL_Driver/Src/stm32h7xx_hal_rcc.o
LOAD ./Drivers/STM32H7xx_HAL_Driver/Src/stm32h7xx_hal_rcc_ex.o
LOAD ./Drivers/STM32H7xx_HAL_Driver/Src/stm32h7xx_hal_tim.o
LOAD ./Drivers/STM32H7xx_HAL_Driver/Src/stm32h7xx_hal_tim_ex.o
START GROUP
LOAD D:/New folder/STM32CubeIDE_1.19.0/STM32CubeIDE/plugins/com.st.stm32cube.ide.mcu.externaltools.gnu-tools-for-stm32.13.3.rel1.win32_1.0.0.202411081344/tools/bin/../lib/gcc/arm-none-eabi/13.3.1/../../../../arm-none-eabi/lib/thumb/v7e-m+dp/hard\libc_nano.a
LOAD D:/New folder/STM32CubeIDE_1.19.0/STM32CubeIDE/plugins/com.st.stm32cube.ide.mcu.externaltools.gnu-tools-for-stm32.13.3.rel1.win32_1.0.0.202411081344/tools/bin/../lib/gcc/arm-none-eabi/13.3.1/../../../../arm-none-eabi/lib/thumb/v7e-m+dp/hard\libm.a
END GROUP
START GROUP
LOAD D:/New folder/STM32CubeIDE_1.19.0/STM32CubeIDE/plugins/com.st.stm32cube.ide.mcu.externaltools.gnu-tools-for-stm32.13.3.rel1.win32_1.0.0.202411081344/tools/bin/../lib/gcc/arm-none-eabi/13.3.1/thumb/v7e-m+dp/hard\libgcc.a
LOAD D:/New folder/STM32CubeIDE_1.19.0/STM32CubeIDE/plugins/com.st.stm32cube.ide.mcu.externaltools.gnu-tools-for-stm32.13.3.rel1.win32_1.0.0.202411081344/tools/bin/../lib/gcc/arm-none-eabi/13.3.1/../../../../arm-none-eabi/lib/thumb/v7e-m+dp/hard\libc_nano.a
END GROUP
START GROUP
LOAD D:/New folder/STM32CubeIDE_1.19.0/STM32CubeIDE/plugins/com.st.stm32cube.ide.mcu.externaltools.gnu-tools-for-stm32.13.3.rel1.win32_1.0.0.202411081344/tools/bin/../lib/gcc/arm-none-eabi/13.3.1/thumb/v7e-m+dp/hard\libgcc.a
LOAD D:/New folder/STM32CubeIDE_1.19.0/STM32CubeIDE/plugins/com.st.stm32cube.ide.mcu.externaltools.gnu-tools-for-stm32.13.3.rel1.win32_1.0.0.202411081344/tools/bin/../lib/gcc/arm-none-eabi/13.3.1/../../../../arm-none-eabi/lib/thumb/v7e-m+dp/hard\libc_nano.a
LOAD D:/New folder/STM32CubeIDE_1.19.0/STM32CubeIDE/plugins/com.st.stm32cube.ide.mcu.externaltools.gnu-tools-for-stm32.13.3.rel1.win32_1.0.0.202411081344/tools/bin/../lib/gcc/arm-none-eabi/13.3.1/../../../../arm-none-eabi/lib/thumb/v7e-m+dp/hard\libnosys.a
END GROUP
START GROUP
LOAD D:/New folder/STM32CubeIDE_1.19.0/STM32CubeIDE/plugins/com.st.stm32cube.ide.mcu.externaltools.gnu-tools-for-stm32.13.3.rel1.win32_1.0.0.202411081344/tools/bin/../lib/gcc/arm-none-eabi/13.3.1/thumb/v7e-m+dp/hard\libgcc.a
LOAD D:/New folder/STM32CubeIDE_1.19.0/STM32CubeIDE/plugins/com.st.stm32cube.ide.mcu.externaltools.gnu-tools-for-stm32.13.3.rel1.win32_1.0.0.202411081344/tools/bin/../lib/gcc/arm-none-eabi/13.3.1/../../../../arm-none-eabi/lib/thumb/v7e-m+dp/hard\libc_nano.a
LOAD D:/New folder/STM32CubeIDE_1.19.0/STM32CubeIDE/plugins/com.st.stm32cube.ide.mcu.externaltools.gnu-tools-for-stm32.13.3.rel1.win32_1.0.0.202411081344/tools/bin/../lib/gcc/arm-none-eabi/13.3.1/../../../../arm-none-eabi/lib/thumb/v7e-m+dp/hard\libnosys.a
END GROUP
LOAD D:/New folder/STM32CubeIDE_1.19.0/STM32CubeIDE/plugins/com.st.stm32cube.ide.mcu.externaltools.gnu-tools-for-stm32.13.3.rel1.win32_1.0.0.202411081344/tools/bin/../lib/gcc/arm-none-eabi/13.3.1/thumb/v7e-m+dp/hard/crtend.o
LOAD D:/New folder/STM32CubeIDE_1.19.0/STM32CubeIDE/plugins/com.st.stm32cube.ide.mcu.externaltools.gnu-tools-for-stm32.13.3.rel1.win32_1.0.0.202411081344/tools/bin/../lib/gcc/arm-none-eabi/13.3.1/thumb/v7e-m+dp/hard/crtn.o
                0x24050000                        _estack = (ORIGIN (RAM_D1) + LENGTH (RAM_D1))
                0x00000200                        _Min_Heap_Size = 0x200
                0x00000400                        _Min_Stack_Size = 0x400

.isr_vector     0x08000000      0x2cc
                0x08000000                        . = ALIGN (0x4)
 *(.isr_vector)
 .isr_vector    0x08000000      0x2cc ./Core/Startup/startup_stm32h723zgtx.o
                0x08000000                g_pfnVectors
                0x080002cc                        . = ALIGN (0x4)

.text           0x080002cc     0x478c
                0x080002cc                        . = ALIGN (0x4)
 *(.text)
 .text          0x080002cc       0x40 D:/New folder/STM32CubeIDE_1.19.0/STM32CubeIDE/plugins/com.st.stm32cube.ide.mcu.externaltools.gnu-tools-for-stm32.13.3.rel1.win32_1.0.0.202411081344/tools/bin/../lib/gcc/arm-none-eabi/13.3.1/thumb/v7e-m+dp/hard/crtbegin.o
 *(.text*)
 .text.CAN_Status_Process
                0x0800030c       0x44 ./Core/Src/can_status.o
                0x0800030c                CAN_Status_Process
 .text.EnableLogic_Init
                0x08000350       0x24 ./Core/Src/enable_logic.o
                0x08000350                EnableLogic_Init
 .text.EnableLogic_Update
                0x08000374      0x11c ./Core/Src/enable_logic.o
                0x08000374                EnableLogic_Update
 .text.main     0x08000490       0x5c ./Core/Src/main.o
                0x08000490                main
 .text.SystemClock_Config
                0x080004ec       0xdc ./Core/Src/main.o
                0x080004ec                SystemClock_Config
 .text.MX_FDCAN2_Init
                0x080005c8       0xc8 ./Core/Src/main.o
 .text.MX_GPIO_Init
                0x08000690      0x100 ./Core/Src/main.o
 .text.HAL_FDCAN_RxFifo0Callback
                0x08000790       0x40 ./Core/Src/main.o
                0x08000790                HAL_FDCAN_RxFifo0Callback
 .text.MPU_Config
                0x080007d0       0x58 ./Core/Src/main.o
 .text.Error_Handler
                0x08000828        0xc ./Core/Src/main.o
                0x08000828                Error_Handler
 .text.HAL_MspInit
                0x08000834       0x34 ./Core/Src/stm32h7xx_hal_msp.o
                0x08000834                HAL_MspInit
 .text.HAL_FDCAN_MspInit
                0x08000868       0xe4 ./Core/Src/stm32h7xx_hal_msp.o
                0x08000868                HAL_FDCAN_MspInit
 .text.NMI_Handler
                0x0800094c        0x8 ./Core/Src/stm32h7xx_it.o
                0x0800094c                NMI_Handler
 .text.HardFault_Handler
                0x08000954        0x8 ./Core/Src/stm32h7xx_it.o
                0x08000954                HardFault_Handler
 .text.MemManage_Handler
                0x0800095c        0x8 ./Core/Src/stm32h7xx_it.o
                0x0800095c                MemManage_Handler
 .text.BusFault_Handler
                0x08000964        0x8 ./Core/Src/stm32h7xx_it.o
                0x08000964                BusFault_Handler
 .text.UsageFault_Handler
                0x0800096c        0x8 ./Core/Src/stm32h7xx_it.o
                0x0800096c                UsageFault_Handler
 .text.SVC_Handler
                0x08000974        0xe ./Core/Src/stm32h7xx_it.o
                0x08000974                SVC_Handler
 .text.DebugMon_Handler
                0x08000982        0xe ./Core/Src/stm32h7xx_it.o
                0x08000982                DebugMon_Handler
 .text.PendSV_Handler
                0x08000990        0xe ./Core/Src/stm32h7xx_it.o
                0x08000990                PendSV_Handler
 .text.SysTick_Handler
                0x0800099e        0xc ./Core/Src/stm32h7xx_it.o
                0x0800099e                SysTick_Handler
 *fill*         0x080009aa        0x2 
 .text.FDCAN2_IT0_IRQHandler
                0x080009ac       0x14 ./Core/Src/stm32h7xx_it.o
                0x080009ac                FDCAN2_IT0_IRQHandler
 .text.SystemInit
                0x080009c0      0x120 ./Core/Src/system_stm32h7xx.o
                0x080009c0                SystemInit
 .text.ExitRun0Mode
                0x08000ae0       0x30 ./Core/Src/system_stm32h7xx.o
                0x08000ae0                ExitRun0Mode
 .text.Reset_Handler
                0x08000b10       0x54 ./Core/Startup/startup_stm32h723zgtx.o
                0x08000b10                Reset_Handler
 .text.Default_Handler
                0x08000b64        0x2 ./Core/Startup/startup_stm32h723zgtx.o
                0x08000b64                RTC_Alarm_IRQHandler
                0x08000b64                EXTI2_IRQHandler
                0x08000b64                TIM8_CC_IRQHandler
                0x08000b64                UART8_IRQHandler
                0x08000b64                SPI4_IRQHandler
                0x08000b64                FDCAN3_IT0_IRQHandler
                0x08000b64                TIM1_CC_IRQHandler
                0x08000b64                BDMA_Channel6_IRQHandler
                0x08000b64                DMA2_Stream5_IRQHandler
                0x08000b64                DMA1_Stream5_IRQHandler
                0x08000b64                CORDIC_IRQHandler
                0x08000b64                BDMA_Channel1_IRQHandler
                0x08000b64                TAMP_STAMP_IRQHandler
                0x08000b64                EXTI3_IRQHandler
                0x08000b64                LPTIM4_IRQHandler
                0x08000b64                TIM8_TRG_COM_TIM14_IRQHandler
                0x08000b64                LPTIM2_IRQHandler
                0x08000b64                DFSDM1_FLT1_IRQHandler
                0x08000b64                DMAMUX2_OVR_IRQHandler
                0x08000b64                TIM8_UP_TIM13_IRQHandler
                0x08000b64                I2C3_ER_IRQHandler
                0x08000b64                DFSDM1_FLT2_IRQHandler
                0x08000b64                I2C5_EV_IRQHandler
                0x08000b64                USART10_IRQHandler
                0x08000b64                MDMA_IRQHandler
                0x08000b64                LPTIM3_IRQHandler
                0x08000b64                HSEM1_IRQHandler
                0x08000b64                EXTI0_IRQHandler
                0x08000b64                I2C2_EV_IRQHandler
                0x08000b64                DMA1_Stream2_IRQHandler
                0x08000b64                FPU_IRQHandler
                0x08000b64                OTG_HS_WKUP_IRQHandler
                0x08000b64                FDCAN1_IT1_IRQHandler
                0x08000b64                LTDC_ER_IRQHandler
                0x08000b64                DMA2_Stream2_IRQHandler
                0x08000b64                SPI1_IRQHandler
                0x08000b64                OCTOSPI1_IRQHandler
                0x08000b64                TIM6_DAC_IRQHandler
                0x08000b64                DMA2_Stream3_IRQHandler
                0x08000b64                OCTOSPI2_IRQHandler
                0x08000b64                DFSDM1_FLT3_IRQHandler
                0x08000b64                TIM23_IRQHandler
                0x08000b64                USART6_IRQHandler
                0x08000b64                TIM17_IRQHandler
                0x08000b64                USART3_IRQHandler
                0x08000b64                BDMA_Channel7_IRQHandler
                0x08000b64                LPTIM5_IRQHandler
                0x08000b64                UART5_IRQHandler
                0x08000b64                ADC3_IRQHandler
                0x08000b64                DMA2_Stream0_IRQHandler
                0x08000b64                TIM4_IRQHandler
                0x08000b64                BDMA_Channel2_IRQHandler
                0x08000b64                I2C1_EV_IRQHandler
                0x08000b64                DMA1_Stream6_IRQHandler
                0x08000b64                DMAMUX1_OVR_IRQHandler
                0x08000b64                DMA1_Stream1_IRQHandler
                0x08000b64                TIM16_IRQHandler
                0x08000b64                UART4_IRQHandler
                0x08000b64                BDMA_Channel5_IRQHandler
                0x08000b64                TIM3_IRQHandler
                0x08000b64                RCC_IRQHandler
                0x08000b64                UART9_IRQHandler
                0x08000b64                TIM8_BRK_TIM12_IRQHandler
                0x08000b64                TIM1_TRG_COM_IRQHandler
                0x08000b64                Default_Handler
                0x08000b64                ECC_IRQHandler
                0x08000b64                FMAC_IRQHandler
                0x08000b64                CEC_IRQHandler
                0x08000b64                EXTI15_10_IRQHandler
                0x08000b64                BDMA_Channel0_IRQHandler
                0x08000b64                ADC_IRQHandler
                0x08000b64                I2C5_ER_IRQHandler
                0x08000b64                DMA1_Stream7_IRQHandler
                0x08000b64                SPI5_IRQHandler
                0x08000b64                TIM7_IRQHandler
                0x08000b64                FDCAN3_IT1_IRQHandler
                0x08000b64                SDMMC1_IRQHandler
                0x08000b64                TIM5_IRQHandler
                0x08000b64                DMA2_Stream7_IRQHandler
                0x08000b64                TIM15_IRQHandler
                0x08000b64                PVD_AVD_IRQHandler
                0x08000b64                I2C3_EV_IRQHandler
                0x08000b64                EXTI9_5_IRQHandler
                0x08000b64                RTC_WKUP_IRQHandler
                0x08000b64                LTDC_IRQHandler
                0x08000b64                ETH_WKUP_IRQHandler
                0x08000b64                SPDIF_RX_IRQHandler
                0x08000b64                SPI2_IRQHandler
                0x08000b64                OTG_HS_EP1_IN_IRQHandler
                0x08000b64                DMA1_Stream0_IRQHandler
                0x08000b64                TIM24_IRQHandler
                0x08000b64                CRS_IRQHandler
                0x08000b64                EXTI4_IRQHandler
                0x08000b64                RNG_IRQHandler
                0x08000b64                FDCAN2_IT1_IRQHandler
                0x08000b64                ETH_IRQHandler
                0x08000b64                TIM1_UP_IRQHandler
                0x08000b64                BDMA_Channel4_IRQHandler
                0x08000b64                OTG_HS_EP1_OUT_IRQHandler
                0x08000b64                WWDG_IRQHandler
                0x08000b64                SPI6_IRQHandler
                0x08000b64                MDIOS_IRQHandler
                0x08000b64                I2C4_EV_IRQHandler
                0x08000b64                LPUART1_IRQHandler
                0x08000b64                FDCAN1_IT0_IRQHandler
                0x08000b64                TIM2_IRQHandler
                0x08000b64                OTG_HS_IRQHandler
                0x08000b64                DMA2D_IRQHandler
                0x08000b64                TIM1_BRK_IRQHandler
                0x08000b64                EXTI1_IRQHandler
                0x08000b64                SDMMC2_IRQHandler
                0x08000b64                BDMA_Channel3_IRQHandler
                0x08000b64                DTS_IRQHandler
                0x08000b64                UART7_IRQHandler
                0x08000b64                MDIOS_WKUP_IRQHandler
                0x08000b64                USART2_IRQHandler
                0x08000b64                DFSDM1_FLT0_IRQHandler
                0x08000b64                SAI4_IRQHandler
                0x08000b64                I2C2_ER_IRQHandler
                0x08000b64                DMA2_Stream1_IRQHandler
                0x08000b64                FLASH_IRQHandler
                0x08000b64                DMA2_Stream4_IRQHandler
                0x08000b64                USART1_IRQHandler
                0x08000b64                SPI3_IRQHandler
                0x08000b64                WAKEUP_PIN_IRQHandler
                0x08000b64                DMA1_Stream4_IRQHandler
                0x08000b64                I2C1_ER_IRQHandler
                0x08000b64                FMC_IRQHandler
                0x08000b64                FDCAN_CAL_IRQHandler
                0x08000b64                SWPMI1_IRQHandler
                0x08000b64                COMP1_IRQHandler
                0x08000b64                LPTIM1_IRQHandler
                0x08000b64                DCMI_PSSI_IRQHandler
                0x08000b64                I2C4_ER_IRQHandler
                0x08000b64                DMA2_Stream6_IRQHandler
                0x08000b64                SAI1_IRQHandler
                0x08000b64                DMA1_Stream3_IRQHandler
 *fill*         0x08000b66        0x2 
 .text.HAL_Init
                0x08000b68       0x78 ./Drivers/STM32H7xx_HAL_Driver/Src/stm32h7xx_hal.o
                0x08000b68                HAL_Init
 .text.HAL_InitTick
                0x08000be0       0x6c ./Drivers/STM32H7xx_HAL_Driver/Src/stm32h7xx_hal.o
                0x08000be0                HAL_InitTick
 .text.HAL_IncTick
                0x08000c4c       0x28 ./Drivers/STM32H7xx_HAL_Driver/Src/stm32h7xx_hal.o
                0x08000c4c                HAL_IncTick
 .text.HAL_GetTick
                0x08000c74       0x18 ./Drivers/STM32H7xx_HAL_Driver/Src/stm32h7xx_hal.o
                0x08000c74                HAL_GetTick
 .text.__NVIC_SetPriorityGrouping
                0x08000c8c       0x48 ./Drivers/STM32H7xx_HAL_Driver/Src/stm32h7xx_hal_cortex.o
 .text.__NVIC_GetPriorityGrouping
                0x08000cd4       0x1c ./Drivers/STM32H7xx_HAL_Driver/Src/stm32h7xx_hal_cortex.o
 .text.__NVIC_EnableIRQ
                0x08000cf0       0x3c ./Drivers/STM32H7xx_HAL_Driver/Src/stm32h7xx_hal_cortex.o
 .text.__NVIC_SetPriority
                0x08000d2c       0x54 ./Drivers/STM32H7xx_HAL_Driver/Src/stm32h7xx_hal_cortex.o
 .text.NVIC_EncodePriority
                0x08000d80       0x66 ./Drivers/STM32H7xx_HAL_Driver/Src/stm32h7xx_hal_cortex.o
 *fill*         0x08000de6        0x2 
 .text.SysTick_Config
                0x08000de8       0x44 ./Drivers/STM32H7xx_HAL_Driver/Src/stm32h7xx_hal_cortex.o
 .text.HAL_NVIC_SetPriorityGrouping
                0x08000e2c       0x16 ./Drivers/STM32H7xx_HAL_Driver/Src/stm32h7xx_hal_cortex.o
                0x08000e2c                HAL_NVIC_SetPriorityGrouping
 .text.HAL_NVIC_SetPriority
                0x08000e42       0x34 ./Drivers/STM32H7xx_HAL_Driver/Src/stm32h7xx_hal_cortex.o
                0x08000e42                HAL_NVIC_SetPriority
 .text.HAL_NVIC_EnableIRQ
                0x08000e76       0x1c ./Drivers/STM32H7xx_HAL_Driver/Src/stm32h7xx_hal_cortex.o
                0x08000e76                HAL_NVIC_EnableIRQ
 .text.HAL_SYSTICK_Config
                0x08000e92       0x18 ./Drivers/STM32H7xx_HAL_Driver/Src/stm32h7xx_hal_cortex.o
                0x08000e92                HAL_SYSTICK_Config
 *fill*         0x08000eaa        0x2 
 .text.HAL_MPU_Disable
                0x08000eac       0x30 ./Drivers/STM32H7xx_HAL_Driver/Src/stm32h7xx_hal_cortex.o
                0x08000eac                HAL_MPU_Disable
 .text.HAL_MPU_Enable
                0x08000edc       0x40 ./Drivers/STM32H7xx_HAL_Driver/Src/stm32h7xx_hal_cortex.o
                0x08000edc                HAL_MPU_Enable
 .text.HAL_MPU_ConfigRegion
                0x08000f1c       0x80 ./Drivers/STM32H7xx_HAL_Driver/Src/stm32h7xx_hal_cortex.o
                0x08000f1c                HAL_MPU_ConfigRegion
 .text.HAL_FDCAN_Init
                0x08000f9c      0x3bc ./Drivers/STM32H7xx_HAL_Driver/Src/stm32h7xx_hal_fdcan.o
                0x08000f9c                HAL_FDCAN_Init
 .text.HAL_FDCAN_ConfigFilter
                0x08001358       0xec ./Drivers/STM32H7xx_HAL_Driver/Src/stm32h7xx_hal_fdcan.o
                0x08001358                HAL_FDCAN_ConfigFilter
 .text.HAL_FDCAN_Start
                0x08001444       0x56 ./Drivers/STM32H7xx_HAL_Driver/Src/stm32h7xx_hal_fdcan.o
                0x08001444                HAL_FDCAN_Start
 *fill*         0x0800149a        0x2 
 .text.HAL_FDCAN_GetRxMessage
                0x0800149c      0x2d8 ./Drivers/STM32H7xx_HAL_Driver/Src/stm32h7xx_hal_fdcan.o
                0x0800149c                HAL_FDCAN_GetRxMessage
 .text.HAL_FDCAN_ActivateNotification
                0x08001774       0xf4 ./Drivers/STM32H7xx_HAL_Driver/Src/stm32h7xx_hal_fdcan.o
                0x08001774                HAL_FDCAN_ActivateNotification
 .text.HAL_FDCAN_IRQHandler
                0x08001868      0x4bc ./Drivers/STM32H7xx_HAL_Driver/Src/stm32h7xx_hal_fdcan.o
                0x08001868                HAL_FDCAN_IRQHandler
 .text.HAL_FDCAN_ClockCalibrationCallback
                0x08001d24       0x16 ./Drivers/STM32H7xx_HAL_Driver/Src/stm32h7xx_hal_fdcan.o
                0x08001d24                HAL_FDCAN_ClockCalibrationCallback
 .text.HAL_FDCAN_TxEventFifoCallback
                0x08001d3a       0x16 ./Drivers/STM32H7xx_HAL_Driver/Src/stm32h7xx_hal_fdcan.o
                0x08001d3a                HAL_FDCAN_TxEventFifoCallback
 .text.HAL_FDCAN_RxFifo1Callback
                0x08001d50       0x16 ./Drivers/STM32H7xx_HAL_Driver/Src/stm32h7xx_hal_fdcan.o
                0x08001d50                HAL_FDCAN_RxFifo1Callback
 .text.HAL_FDCAN_TxFifoEmptyCallback
                0x08001d66       0x14 ./Drivers/STM32H7xx_HAL_Driver/Src/stm32h7xx_hal_fdcan.o
                0x08001d66                HAL_FDCAN_TxFifoEmptyCallback
 .text.HAL_FDCAN_TxBufferCompleteCallback
                0x08001d7a       0x16 ./Drivers/STM32H7xx_HAL_Driver/Src/stm32h7xx_hal_fdcan.o
                0x08001d7a                HAL_FDCAN_TxBufferCompleteCallback
 .text.HAL_FDCAN_TxBufferAbortCallback
                0x08001d90       0x16 ./Drivers/STM32H7xx_HAL_Driver/Src/stm32h7xx_hal_fdcan.o
                0x08001d90                HAL_FDCAN_TxBufferAbortCallback
 .text.HAL_FDCAN_RxBufferNewMessageCallback
                0x08001da6       0x14 ./Drivers/STM32H7xx_HAL_Driver/Src/stm32h7xx_hal_fdcan.o
                0x08001da6                HAL_FDCAN_RxBufferNewMessageCallback
 .text.HAL_FDCAN_TimestampWraparoundCallback
                0x08001dba       0x14 ./Drivers/STM32H7xx_HAL_Driver/Src/stm32h7xx_hal_fdcan.o
                0x08001dba                HAL_FDCAN_TimestampWraparoundCallback
 .text.HAL_FDCAN_TimeoutOccurredCallback
                0x08001dce       0x14 ./Drivers/STM32H7xx_HAL_Driver/Src/stm32h7xx_hal_fdcan.o
                0x08001dce                HAL_FDCAN_TimeoutOccurredCallback
 .text.HAL_FDCAN_HighPriorityMessageCallback
                0x08001de2       0x14 ./Drivers/STM32H7xx_HAL_Driver/Src/stm32h7xx_hal_fdcan.o
                0x08001de2                HAL_FDCAN_HighPriorityMessageCallback
 .text.HAL_FDCAN_ErrorCallback
                0x08001df6       0x14 ./Drivers/STM32H7xx_HAL_Driver/Src/stm32h7xx_hal_fdcan.o
                0x08001df6                HAL_FDCAN_ErrorCallback
 .text.HAL_FDCAN_ErrorStatusCallback
                0x08001e0a       0x16 ./Drivers/STM32H7xx_HAL_Driver/Src/stm32h7xx_hal_fdcan.o
                0x08001e0a                HAL_FDCAN_ErrorStatusCallback
 .text.HAL_FDCAN_TT_ScheduleSyncCallback
                0x08001e20       0x16 ./Drivers/STM32H7xx_HAL_Driver/Src/stm32h7xx_hal_fdcan.o
                0x08001e20                HAL_FDCAN_TT_ScheduleSyncCallback
 .text.HAL_FDCAN_TT_TimeMarkCallback
                0x08001e36       0x16 ./Drivers/STM32H7xx_HAL_Driver/Src/stm32h7xx_hal_fdcan.o
                0x08001e36                HAL_FDCAN_TT_TimeMarkCallback
 .text.HAL_FDCAN_TT_StopWatchCallback
                0x08001e4c       0x18 ./Drivers/STM32H7xx_HAL_Driver/Src/stm32h7xx_hal_fdcan.o
                0x08001e4c                HAL_FDCAN_TT_StopWatchCallback
 .text.HAL_FDCAN_TT_GlobalTimeCallback
                0x08001e64       0x16 ./Drivers/STM32H7xx_HAL_Driver/Src/stm32h7xx_hal_fdcan.o
                0x08001e64                HAL_FDCAN_TT_GlobalTimeCallback
 *fill*         0x08001e7a        0x2 
 .text.FDCAN_CalcultateRamBlockAddresses
                0x08001e7c      0x30c ./Drivers/STM32H7xx_HAL_Driver/Src/stm32h7xx_hal_fdcan.o
 .text.HAL_GPIO_Init
                0x08002188      0x350 ./Drivers/STM32H7xx_HAL_Driver/Src/stm32h7xx_hal_gpio.o
                0x08002188                HAL_GPIO_Init
 .text.HAL_GPIO_ReadPin
                0x080024d8       0x30 ./Drivers/STM32H7xx_HAL_Driver/Src/stm32h7xx_hal_gpio.o
                0x080024d8                HAL_GPIO_ReadPin
 .text.HAL_GPIO_WritePin
                0x08002508       0x32 ./Drivers/STM32H7xx_HAL_Driver/Src/stm32h7xx_hal_gpio.o
                0x08002508                HAL_GPIO_WritePin
 *fill*         0x0800253a        0x2 
 .text.HAL_PWREx_ConfigSupply
                0x0800253c       0x74 ./Drivers/STM32H7xx_HAL_Driver/Src/stm32h7xx_hal_pwr_ex.o
                0x0800253c                HAL_PWREx_ConfigSupply
 .text.HAL_RCC_OscConfig
                0x080025b0      0x7b4 ./Drivers/STM32H7xx_HAL_Driver/Src/stm32h7xx_hal_rcc.o
                0x080025b0                HAL_RCC_OscConfig
 .text.HAL_RCC_ClockConfig
                0x08002d64      0x36c ./Drivers/STM32H7xx_HAL_Driver/Src/stm32h7xx_hal_rcc.o
                0x08002d64                HAL_RCC_ClockConfig
 .text.HAL_RCC_GetSysClockFreq
                0x080030d0      0x2f4 ./Drivers/STM32H7xx_HAL_Driver/Src/stm32h7xx_hal_rcc.o
                0x080030d0                HAL_RCC_GetSysClockFreq
 .text.HAL_RCCEx_PeriphCLKConfig
                0x080033c4     0x1340 ./Drivers/STM32H7xx_HAL_Driver/Src/stm32h7xx_hal_rcc_ex.o
                0x080033c4                HAL_RCCEx_PeriphCLKConfig
 .text.RCCEx_PLL2_Config
                0x08004704      0x164 ./Drivers/STM32H7xx_HAL_Driver/Src/stm32h7xx_hal_rcc_ex.o
 .text.RCCEx_PLL3_Config
                0x08004868      0x164 ./Drivers/STM32H7xx_HAL_Driver/Src/stm32h7xx_hal_rcc_ex.o
 .text.memset   0x080049cc       0x10 D:/New folder/STM32CubeIDE_1.19.0/STM32CubeIDE/plugins/com.st.stm32cube.ide.mcu.externaltools.gnu-tools-for-stm32.13.3.rel1.win32_1.0.0.202411081344/tools/bin/../lib/gcc/arm-none-eabi/13.3.1/../../../../arm-none-eabi/lib/thumb/v7e-m+dp/hard\libc_nano.a(libc_a-memset.o)
                0x080049cc                memset
 .text.__libc_init_array
                0x080049dc       0x48 D:/New folder/STM32CubeIDE_1.19.0/STM32CubeIDE/plugins/com.st.stm32cube.ide.mcu.externaltools.gnu-tools-for-stm32.13.3.rel1.win32_1.0.0.202411081344/tools/bin/../lib/gcc/arm-none-eabi/13.3.1/../../../../arm-none-eabi/lib/thumb/v7e-m+dp/hard\libc_nano.a(libc_a-init.o)
                0x080049dc                __libc_init_array
 .text.memcpy   0x08004a24       0x1c D:/New folder/STM32CubeIDE_1.19.0/STM32CubeIDE/plugins/com.st.stm32cube.ide.mcu.externaltools.gnu-tools-for-stm32.13.3.rel1.win32_1.0.0.202411081344/tools/bin/../lib/gcc/arm-none-eabi/13.3.1/../../../../arm-none-eabi/lib/thumb/v7e-m+dp/hard\libc_nano.a(libc_a-memcpy-stub.o)
                0x08004a24                memcpy
 *(.glue_7)
 .glue_7        0x08004a40        0x0 linker stubs
 *(.glue_7t)
 .glue_7t       0x08004a40        0x0 linker stubs
 *(.eh_frame)
 .eh_frame      0x08004a40        0x0 D:/New folder/STM32CubeIDE_1.19.0/STM32CubeIDE/plugins/com.st.stm32cube.ide.mcu.externaltools.gnu-tools-for-stm32.13.3.rel1.win32_1.0.0.202411081344/tools/bin/../lib/gcc/arm-none-eabi/13.3.1/thumb/v7e-m+dp/hard/crtbegin.o
 *(.init)
 .init          0x08004a40        0x4 D:/New folder/STM32CubeIDE_1.19.0/STM32CubeIDE/plugins/com.st.stm32cube.ide.mcu.externaltools.gnu-tools-for-stm32.13.3.rel1.win32_1.0.0.202411081344/tools/bin/../lib/gcc/arm-none-eabi/13.3.1/thumb/v7e-m+dp/hard/crti.o
                0x08004a40                _init
 .init          0x08004a44        0x8 D:/New folder/STM32CubeIDE_1.19.0/STM32CubeIDE/plugins/com.st.stm32cube.ide.mcu.externaltools.gnu-tools-for-stm32.13.3.rel1.win32_1.0.0.202411081344/tools/bin/../lib/gcc/arm-none-eabi/13.3.1/thumb/v7e-m+dp/hard/crtn.o
 *(.fini)
 .fini          0x08004a4c        0x4 D:/New folder/STM32CubeIDE_1.19.0/STM32CubeIDE/plugins/com.st.stm32cube.ide.mcu.externaltools.gnu-tools-for-stm32.13.3.rel1.win32_1.0.0.202411081344/tools/bin/../lib/gcc/arm-none-eabi/13.3.1/thumb/v7e-m+dp/hard/crti.o
                0x08004a4c                _fini
 .fini          0x08004a50        0x8 D:/New folder/STM32CubeIDE_1.19.0/STM32CubeIDE/plugins/com.st.stm32cube.ide.mcu.externaltools.gnu-tools-for-stm32.13.3.rel1.win32_1.0.0.202411081344/tools/bin/../lib/gcc/arm-none-eabi/13.3.1/thumb/v7e-m+dp/hard/crtn.o
                0x08004a58                        . = ALIGN (0x4)
                0x08004a58                        _etext = .

.vfp11_veneer   0x08004a58        0x0
 .vfp11_veneer  0x08004a58        0x0 linker stubs

.v4_bx          0x08004a58        0x0
 .v4_bx         0x08004a58        0x0 linker stubs

.iplt           0x08004a58        0x0
 .iplt          0x08004a58        0x0 D:/New folder/STM32CubeIDE_1.19.0/STM32CubeIDE/plugins/com.st.stm32cube.ide.mcu.externaltools.gnu-tools-for-stm32.13.3.rel1.win32_1.0.0.202411081344/tools/bin/../lib/gcc/arm-none-eabi/13.3.1/thumb/v7e-m+dp/hard/crtbegin.o

.rodata         0x08004a58       0x6c
                0x08004a58                        . = ALIGN (0x4)
 *(.rodata)
 .rodata        0x08004a58       0x4c ./Drivers/STM32H7xx_HAL_Driver/Src/stm32h7xx_hal_fdcan.o
 *(.rodata*)
 .rodata.D1CorePrescTable
                0x08004aa4       0x10 ./Core/Src/system_stm32h7xx.o
                0x08004aa4                D1CorePrescTable
 .rodata.DLCtoBytes
                0x08004ab4       0x10 ./Drivers/STM32H7xx_HAL_Driver/Src/stm32h7xx_hal_fdcan.o
                0x08004ac4                        . = ALIGN (0x4)

.ARM.extab
 *(.ARM.extab* .gnu.linkonce.armextab.*)

.ARM            0x08004ac4        0x0
                0x08004ac4                        __exidx_start = .
 *(.ARM.exidx*)
                0x08004ac4                        __exidx_end = .

.preinit_array  0x08004ac4        0x0
                0x08004ac4                        PROVIDE (__preinit_array_start = .)
 *(.preinit_array*)
                0x08004ac4                        PROVIDE (__preinit_array_end = .)

.init_array     0x08004ac4        0x4
                0x08004ac4                        PROVIDE (__init_array_start = .)
 *(SORT_BY_NAME(.init_array.*))
 *(.init_array*)
 .init_array    0x08004ac4        0x4 D:/New folder/STM32CubeIDE_1.19.0/STM32CubeIDE/plugins/com.st.stm32cube.ide.mcu.externaltools.gnu-tools-for-stm32.13.3.rel1.win32_1.0.0.202411081344/tools/bin/../lib/gcc/arm-none-eabi/13.3.1/thumb/v7e-m+dp/hard/crtbegin.o
                0x08004ac8                        PROVIDE (__init_array_end = .)

.fini_array     0x08004ac8        0x4
                [!provide]                        PROVIDE (__fini_array_start = .)
 *(SORT_BY_NAME(.fini_array.*))
 *(.fini_array*)
 .fini_array    0x08004ac8        0x4 D:/New folder/STM32CubeIDE_1.19.0/STM32CubeIDE/plugins/com.st.stm32cube.ide.mcu.externaltools.gnu-tools-for-stm32.13.3.rel1.win32_1.0.0.202411081344/tools/bin/../lib/gcc/arm-none-eabi/13.3.1/thumb/v7e-m+dp/hard/crtbegin.o
                [!provide]                        PROVIDE (__fini_array_end = .)
                0x08004acc                        _sidata = LOADADDR (.data)

.rel.dyn        0x08004acc        0x0
 .rel.iplt      0x08004acc        0x0 D:/New folder/STM32CubeIDE_1.19.0/STM32CubeIDE/plugins/com.st.stm32cube.ide.mcu.externaltools.gnu-tools-for-stm32.13.3.rel1.win32_1.0.0.202411081344/tools/bin/../lib/gcc/arm-none-eabi/13.3.1/thumb/v7e-m+dp/hard/crtbegin.o

.data           0x24000000       0x10 load address 0x08004acc
                0x24000000                        . = ALIGN (0x4)
                0x24000000                        _sdata = .
 *(.data)
 *(.data*)
 .data.SystemCoreClock
                0x24000000        0x4 ./Core/Src/system_stm32h7xx.o
                0x24000000                SystemCoreClock
 .data.SystemD2Clock
                0x24000004        0x4 ./Core/Src/system_stm32h7xx.o
                0x24000004                SystemD2Clock
 .data.uwTickPrio
                0x24000008        0x4 ./Drivers/STM32H7xx_HAL_Driver/Src/stm32h7xx_hal.o
                0x24000008                uwTickPrio
 .data.uwTickFreq
                0x2400000c        0x1 ./Drivers/STM32H7xx_HAL_Driver/Src/stm32h7xx_hal.o
                0x2400000c                uwTickFreq
 *(.RamFunc)
 *(.RamFunc*)
                0x24000010                        . = ALIGN (0x4)
 *fill*         0x2400000d        0x3 
                0x24000010                        _edata = .

.igot.plt       0x24000010        0x0 load address 0x08004adc
 .igot.plt      0x24000010        0x0 D:/New folder/STM32CubeIDE_1.19.0/STM32CubeIDE/plugins/com.st.stm32cube.ide.mcu.externaltools.gnu-tools-for-stm32.13.3.rel1.win32_1.0.0.202411081344/tools/bin/../lib/gcc/arm-none-eabi/13.3.1/thumb/v7e-m+dp/hard/crtbegin.o
                0x24000010                        . = ALIGN (0x4)

.bss            0x24000010       0xc8 load address 0x08004adc
                0x24000010                        _sbss = .
                0x24000010                        __bss_start__ = _sbss
 *(.bss)
 .bss           0x24000010       0x1c D:/New folder/STM32CubeIDE_1.19.0/STM32CubeIDE/plugins/com.st.stm32cube.ide.mcu.externaltools.gnu-tools-for-stm32.13.3.rel1.win32_1.0.0.202411081344/tools/bin/../lib/gcc/arm-none-eabi/13.3.1/thumb/v7e-m+dp/hard/crtbegin.o
 *(.bss*)
 .bss.g_shutdown_ok
                0x2400002c        0x1 ./Core/Src/can_status.o
                0x2400002c                g_shutdown_ok
 .bss.g_r2d_request
                0x2400002d        0x1 ./Core/Src/can_status.o
                0x2400002d                g_r2d_request
 .bss.currentState
                0x2400002e        0x1 ./Core/Src/enable_logic.o
 *fill*         0x2400002f        0x1 
 .bss.rfe_timestamp
                0x24000030        0x4 ./Core/Src/enable_logic.o
 .bss.hfdcan2   0x24000034       0xa0 ./Core/Src/main.o
                0x24000034                hfdcan2
 .bss.uwTick    0x240000d4        0x4 ./Drivers/STM32H7xx_HAL_Driver/Src/stm32h7xx_hal.o
                0x240000d4                uwTick
 *(COMMON)
                0x240000d8                        . = ALIGN (0x4)
                0x240000d8                        _ebss = .
                0x240000d8                        __bss_end__ = _ebss

._user_heap_stack
                0x240000d8      0x600 load address 0x08004adc
                0x240000d8                        . = ALIGN (0x8)
                [!provide]                        PROVIDE (end = .)
                0x240000d8                        PROVIDE (_end = .)
                0x240002d8                        . = (. + _Min_Heap_Size)
 *fill*         0x240000d8      0x200 
                0x240006d8                        . = (. + _Min_Stack_Size)
 *fill*         0x240002d8      0x400 
                0x240006d8                        . = ALIGN (0x8)

/DISCARD/
 libc.a(*)
 libm.a(*)
 libgcc.a(*)

.ARM.attributes
                0x00000000       0x2e
 *(.ARM.attributes)
 .ARM.attributes
                0x00000000       0x20 D:/New folder/STM32CubeIDE_1.19.0/STM32CubeIDE/plugins/com.st.stm32cube.ide.mcu.externaltools.gnu-tools-for-stm32.13.3.rel1.win32_1.0.0.202411081344/tools/bin/../lib/gcc/arm-none-eabi/13.3.1/thumb/v7e-m+dp/hard/crti.o
 .ARM.attributes
                0x00000020       0x32 D:/New folder/STM32CubeIDE_1.19.0/STM32CubeIDE/plugins/com.st.stm32cube.ide.mcu.externaltools.gnu-tools-for-stm32.13.3.rel1.win32_1.0.0.202411081344/tools/bin/../lib/gcc/arm-none-eabi/13.3.1/thumb/v7e-m+dp/hard/crtbegin.o
 .ARM.attributes
                0x00000052       0x32 ./Core/Src/can_status.o
 .ARM.attributes
                0x00000084       0x32 ./Core/Src/enable_logic.o
 .ARM.attributes
                0x000000b6       0x32 ./Core/Src/main.o
 .ARM.attributes
                0x000000e8       0x32 ./Core/Src/stm32h7xx_hal_msp.o
 .ARM.attributes
                0x0000011a       0x32 ./Core/Src/stm32h7xx_it.o
 .ARM.attributes
                0x0000014c       0x32 ./Core/Src/system_stm32h7xx.o
 .ARM.attributes
                0x0000017e       0x21 ./Core/Startup/startup_stm32h723zgtx.o
 .ARM.attributes
                0x0000019f       0x32 ./Drivers/STM32H7xx_HAL_Driver/Src/stm32h7xx_hal.o
 .ARM.attributes
                0x000001d1       0x32 ./Drivers/STM32H7xx_HAL_Driver/Src/stm32h7xx_hal_cortex.o
 .ARM.attributes
                0x00000203       0x32 ./Drivers/STM32H7xx_HAL_Driver/Src/stm32h7xx_hal_fdcan.o
 .ARM.attributes
                0x00000235       0x32 ./Drivers/STM32H7xx_HAL_Driver/Src/stm32h7xx_hal_gpio.o
 .ARM.attributes
                0x00000267       0x32 ./Drivers/STM32H7xx_HAL_Driver/Src/stm32h7xx_hal_pwr_ex.o
 .ARM.attributes
                0x00000299       0x32 ./Drivers/STM32H7xx_HAL_Driver/Src/stm32h7xx_hal_rcc.o
 .ARM.attributes
                0x000002cb       0x32 ./Drivers/STM32H7xx_HAL_Driver/Src/stm32h7xx_hal_rcc_ex.o
 .ARM.attributes
                0x000002fd       0x32 D:/New folder/STM32CubeIDE_1.19.0/STM32CubeIDE/plugins/com.st.stm32cube.ide.mcu.externaltools.gnu-tools-for-stm32.13.3.rel1.win32_1.0.0.202411081344/tools/bin/../lib/gcc/arm-none-eabi/13.3.1/../../../../arm-none-eabi/lib/thumb/v7e-m+dp/hard\libc_nano.a(libc_a-memset.o)
 .ARM.attributes
                0x0000032f       0x32 D:/New folder/STM32CubeIDE_1.19.0/STM32CubeIDE/plugins/com.st.stm32cube.ide.mcu.externaltools.gnu-tools-for-stm32.13.3.rel1.win32_1.0.0.202411081344/tools/bin/../lib/gcc/arm-none-eabi/13.3.1/../../../../arm-none-eabi/lib/thumb/v7e-m+dp/hard\libc_nano.a(libc_a-init.o)
 .ARM.attributes
                0x00000361       0x32 D:/New folder/STM32CubeIDE_1.19.0/STM32CubeIDE/plugins/com.st.stm32cube.ide.mcu.externaltools.gnu-tools-for-stm32.13.3.rel1.win32_1.0.0.202411081344/tools/bin/../lib/gcc/arm-none-eabi/13.3.1/../../../../arm-none-eabi/lib/thumb/v7e-m+dp/hard\libc_nano.a(libc_a-memcpy-stub.o)
 .ARM.attributes
                0x00000393       0x20 D:/New folder/STM32CubeIDE_1.19.0/STM32CubeIDE/plugins/com.st.stm32cube.ide.mcu.externaltools.gnu-tools-for-stm32.13.3.rel1.win32_1.0.0.202411081344/tools/bin/../lib/gcc/arm-none-eabi/13.3.1/thumb/v7e-m+dp/hard/crtn.o
OUTPUT(Rear_ECU_H723.elf elf32-littlearm)
LOAD linker stubs
LOAD D:/New folder/STM32CubeIDE_1.19.0/STM32CubeIDE/plugins/com.st.stm32cube.ide.mcu.externaltools.gnu-tools-for-stm32.13.3.rel1.win32_1.0.0.202411081344/tools/bin/../lib/gcc/arm-none-eabi/13.3.1/../../../../arm-none-eabi/lib/thumb/v7e-m+dp/hard\libc.a
LOAD D:/New folder/STM32CubeIDE_1.19.0/STM32CubeIDE/plugins/com.st.stm32cube.ide.mcu.externaltools.gnu-tools-for-stm32.13.3.rel1.win32_1.0.0.202411081344/tools/bin/../lib/gcc/arm-none-eabi/13.3.1/../../../../arm-none-eabi/lib/thumb/v7e-m+dp/hard\libm.a
LOAD D:/New folder/STM32CubeIDE_1.19.0/STM32CubeIDE/plugins/com.st.stm32cube.ide.mcu.externaltools.gnu-tools-for-stm32.13.3.rel1.win32_1.0.0.202411081344/tools/bin/../lib/gcc/arm-none-eabi/13.3.1/thumb/v7e-m+dp/hard\libgcc.a

.debug_info     0x00000000     0xcf73
 .debug_info    0x00000000      0x124 ./Core/Src/can_status.o
 .debug_info    0x00000124      0x297 ./Core/Src/enable_logic.o
 .debug_info    0x000003bb     0x1513 ./Core/Src/main.o
 .debug_info    0x000018ce     0x14f6 ./Core/Src/stm32h7xx_hal_msp.o
 .debug_info    0x00002dc4      0x8dd ./Core/Src/stm32h7xx_it.o
 .debug_info    0x000036a1      0xbf0 ./Core/Src/system_stm32h7xx.o
 .debug_info    0x00004291       0x30 ./Core/Startup/startup_stm32h723zgtx.o
 .debug_info    0x000042c1     0x1698 ./Drivers/STM32H7xx_HAL_Driver/Src/stm32h7xx_hal.o
 .debug_info    0x00005959     0x10a5 ./Drivers/STM32H7xx_HAL_Driver/Src/stm32h7xx_hal_cortex.o
 .debug_info    0x000069fe     0x2baf ./Drivers/STM32H7xx_HAL_Driver/Src/stm32h7xx_hal_fdcan.o
 .debug_info    0x000095ad      0xc6b ./Drivers/STM32H7xx_HAL_Driver/Src/stm32h7xx_hal_gpio.o
 .debug_info    0x0000a218      0xdce ./Drivers/STM32H7xx_HAL_Driver/Src/stm32h7xx_hal_pwr_ex.o
 .debug_info    0x0000afe6      0xd82 ./Drivers/STM32H7xx_HAL_Driver/Src/stm32h7xx_hal_rcc.o
 .debug_info    0x0000bd68     0x120b ./Drivers/STM32H7xx_HAL_Driver/Src/stm32h7xx_hal_rcc_ex.o

.debug_abbrev   0x00000000     0x1bf4
 .debug_abbrev  0x00000000       0xac ./Core/Src/can_status.o
 .debug_abbrev  0x000000ac      0x17c ./Core/Src/enable_logic.o
 .debug_abbrev  0x00000228      0x2d9 ./Core/Src/main.o
 .debug_abbrev  0x00000501      0x1ec ./Core/Src/stm32h7xx_hal_msp.o
 .debug_abbrev  0x000006ed      0x17d ./Core/Src/stm32h7xx_it.o
 .debug_abbrev  0x0000086a      0x153 ./Core/Src/system_stm32h7xx.o
 .debug_abbrev  0x000009bd       0x24 ./Core/Startup/startup_stm32h723zgtx.o
 .debug_abbrev  0x000009e1      0x29e ./Drivers/STM32H7xx_HAL_Driver/Src/stm32h7xx_hal.o
 .debug_abbrev  0x00000c7f      0x339 ./Drivers/STM32H7xx_HAL_Driver/Src/stm32h7xx_hal_cortex.o
 .debug_abbrev  0x00000fb8      0x288 ./Drivers/STM32H7xx_HAL_Driver/Src/stm32h7xx_hal_fdcan.o
 .debug_abbrev  0x00001240      0x205 ./Drivers/STM32H7xx_HAL_Driver/Src/stm32h7xx_hal_gpio.o
 .debug_abbrev  0x00001445      0x295 ./Drivers/STM32H7xx_HAL_Driver/Src/stm32h7xx_hal_pwr_ex.o
 .debug_abbrev  0x000016da      0x2b1 ./Drivers/STM32H7xx_HAL_Driver/Src/stm32h7xx_hal_rcc.o
 .debug_abbrev  0x0000198b      0x269 ./Drivers/STM32H7xx_HAL_Driver/Src/stm32h7xx_hal_rcc_ex.o

.debug_aranges  0x00000000      0xad8
 .debug_aranges
                0x00000000       0x20 ./Core/Src/can_status.o
 .debug_aranges
                0x00000020       0x28 ./Core/Src/enable_logic.o
 .debug_aranges
                0x00000048       0x50 ./Core/Src/main.o
 .debug_aranges
                0x00000098       0x30 ./Core/Src/stm32h7xx_hal_msp.o
 .debug_aranges
                0x000000c8       0x68 ./Core/Src/stm32h7xx_it.o
 .debug_aranges
                0x00000130       0x30 ./Core/Src/system_stm32h7xx.o
 .debug_aranges
                0x00000160       0x28 ./Core/Startup/startup_stm32h723zgtx.o
 .debug_aranges
                0x00000188      0x1c8 ./Drivers/STM32H7xx_HAL_Driver/Src/stm32h7xx_hal.o
 .debug_aranges
                0x00000350      0x130 ./Drivers/STM32H7xx_HAL_Driver/Src/stm32h7xx_hal_cortex.o
 .debug_aranges
                0x00000480      0x338 ./Drivers/STM32H7xx_HAL_Driver/Src/stm32h7xx_hal_fdcan.o
 .debug_aranges
                0x000007b8       0x58 ./Drivers/STM32H7xx_HAL_Driver/Src/stm32h7xx_hal_gpio.o
 .debug_aranges
                0x00000810      0x148 ./Drivers/STM32H7xx_HAL_Driver/Src/stm32h7xx_hal_pwr_ex.o
 .debug_aranges
                0x00000958       0x88 ./Drivers/STM32H7xx_HAL_Driver/Src/stm32h7xx_hal_rcc.o
 .debug_aranges
                0x000009e0       0xf8 ./Drivers/STM32H7xx_HAL_Driver/Src/stm32h7xx_hal_rcc_ex.o

.debug_rnglists
                0x00000000      0x826
 .debug_rnglists
                0x00000000       0x13 ./Core/Src/can_status.o
 .debug_rnglists
                0x00000013       0x1a ./Core/Src/enable_logic.o
 .debug_rnglists
                0x0000002d       0x3a ./Core/Src/main.o
 .debug_rnglists
                0x00000067       0x20 ./Core/Src/stm32h7xx_hal_msp.o
 .debug_rnglists
                0x00000087       0x49 ./Core/Src/stm32h7xx_it.o
 .debug_rnglists
                0x000000d0       0x21 ./Core/Src/system_stm32h7xx.o
 .debug_rnglists
                0x000000f1       0x19 ./Core/Startup/startup_stm32h723zgtx.o
 .debug_rnglists
                0x0000010a      0x155 ./Drivers/STM32H7xx_HAL_Driver/Src/stm32h7xx_hal.o
 .debug_rnglists
                0x0000025f       0xe0 ./Drivers/STM32H7xx_HAL_Driver/Src/stm32h7xx_hal_cortex.o
 .debug_rnglists
                0x0000033f      0x28b ./Drivers/STM32H7xx_HAL_Driver/Src/stm32h7xx_hal_fdcan.o
 .debug_rnglists
                0x000005ca       0x3f ./Drivers/STM32H7xx_HAL_Driver/Src/stm32h7xx_hal_gpio.o
 .debug_rnglists
                0x00000609       0xf5 ./Drivers/STM32H7xx_HAL_Driver/Src/stm32h7xx_hal_pwr_ex.o
 .debug_rnglists
                0x000006fe       0x68 ./Drivers/STM32H7xx_HAL_Driver/Src/stm32h7xx_hal_rcc.o
 .debug_rnglists
                0x00000766       0xc0 ./Drivers/STM32H7xx_HAL_Driver/Src/stm32h7xx_hal_rcc_ex.o

.debug_macro    0x00000000    0x31ec9
 .debug_macro   0x00000000      0x2a8 ./Core/Src/can_status.o
 .debug_macro   0x000002a8      0xaf6 ./Core/Src/can_status.o
 .debug_macro   0x00000d9e      0x232 ./Core/Src/can_status.o
 .debug_macro   0x00000fd0       0x2e ./Core/Src/can_status.o
 .debug_macro   0x00000ffe       0x3b ./Core/Src/can_status.o
 .debug_macro   0x00001039       0x22 ./Core/Src/can_status.o
 .debug_macro   0x0000105b       0x8e ./Core/Src/can_status.o
 .debug_macro   0x000010e9       0x51 ./Core/Src/can_status.o
 .debug_macro   0x0000113a      0x103 ./Core/Src/can_status.o
 .debug_macro   0x0000123d       0x6a ./Core/Src/can_status.o
 .debug_macro   0x000012a7      0x1df ./Core/Src/can_status.o
 .debug_macro   0x00001486       0x1c ./Core/Src/can_status.o
 .debug_macro   0x000014a2       0x22 ./Core/Src/can_status.o
 .debug_macro   0x000014c4       0xfb ./Core/Src/can_status.o
 .debug_macro   0x000015bf     0x1305 ./Core/Src/can_status.o
 .debug_macro   0x000028c4      0x11f ./Core/Src/can_status.o
 .debug_macro   0x000029e3       0x27 ./Core/Src/can_status.o
 .debug_macro   0x00002a0a    0x216c1 ./Core/Src/can_status.o
 .debug_macro   0x000240cb       0x6d ./Core/Src/can_status.o
 .debug_macro   0x00024138     0x3d64 ./Core/Src/can_status.o
 .debug_macro   0x00027e9c      0x190 ./Core/Src/can_status.o
 .debug_macro   0x0002802c       0x61 ./Core/Src/can_status.o
 .debug_macro   0x0002808d       0x29 ./Core/Src/can_status.o
 .debug_macro   0x000280b6       0x43 ./Core/Src/can_status.o
 .debug_macro   0x000280f9       0x34 ./Core/Src/can_status.o
 .debug_macro   0x0002812d      0x370 ./Core/Src/can_status.o
 .debug_macro   0x0002849d       0x16 ./Core/Src/can_status.o
 .debug_macro   0x000284b3       0x4a ./Core/Src/can_status.o
 .debug_macro   0x000284fd       0x34 ./Core/Src/can_status.o
 .debug_macro   0x00028531       0x10 ./Core/Src/can_status.o
 .debug_macro   0x00028541       0x58 ./Core/Src/can_status.o
 .debug_macro   0x00028599       0x8e ./Core/Src/can_status.o
 .debug_macro   0x00028627       0x1c ./Core/Src/can_status.o
 .debug_macro   0x00028643      0x185 ./Core/Src/can_status.o
 .debug_macro   0x000287c8      0x19b ./Core/Src/can_status.o
 .debug_macro   0x00028963       0x5d ./Core/Src/can_status.o
 .debug_macro   0x000289c0     0x2462 ./Core/Src/can_status.o
 .debug_macro   0x0002ae22     0x1079 ./Core/Src/can_status.o
 .debug_macro   0x0002be9b      0x154 ./Core/Src/can_status.o
 .debug_macro   0x0002bfef      0x114 ./Core/Src/can_status.o
 .debug_macro   0x0002c103      0x3fc ./Core/Src/can_status.o
 .debug_macro   0x0002c4ff       0xac ./Core/Src/can_status.o
 .debug_macro   0x0002c5ab      0x788 ./Core/Src/can_status.o
 .debug_macro   0x0002cd33      0x228 ./Core/Src/can_status.o
 .debug_macro   0x0002cf5b       0x66 ./Core/Src/can_status.o
 .debug_macro   0x0002cfc1      0x3a6 ./Core/Src/can_status.o
 .debug_macro   0x0002d367      0x3f9 ./Core/Src/can_status.o
 .debug_macro   0x0002d760      0x275 ./Core/Src/can_status.o
 .debug_macro   0x0002d9d5      0xe42 ./Core/Src/can_status.o
 .debug_macro   0x0002e817      0x3ca ./Core/Src/can_status.o
 .debug_macro   0x0002ebe1      0x45c ./Core/Src/can_status.o
 .debug_macro   0x0002f03d       0x3c ./Core/Src/can_status.o
 .debug_macro   0x0002f079       0x4a ./Core/Src/can_status.o
 .debug_macro   0x0002f0c3      0x22c ./Core/Src/can_status.o
 .debug_macro   0x0002f2ef       0x67 ./Core/Src/can_status.o
 .debug_macro   0x0002f356       0xa5 ./Core/Src/can_status.o
 .debug_macro   0x0002f3fb      0x1c4 ./Core/Src/can_status.o
 .debug_macro   0x0002f5bf      0x22a ./Core/Src/can_status.o
 .debug_macro   0x0002f7e9       0x35 ./Core/Src/can_status.o
 .debug_macro   0x0002f81e      0x5f2 ./Core/Src/can_status.o
 .debug_macro   0x0002fe10       0x34 ./Core/Src/can_status.o
 .debug_macro   0x0002fe44       0x10 ./Core/Src/can_status.o
 .debug_macro   0x0002fe54      0x2b2 ./Core/Src/enable_logic.o
 .debug_macro   0x00030106       0x16 ./Core/Src/enable_logic.o
 .debug_macro   0x0003011c      0x2b0 ./Core/Src/main.o
 .debug_macro   0x000303cc      0x299 ./Core/Src/stm32h7xx_hal_msp.o
 .debug_macro   0x00030665      0x2a3 ./Core/Src/stm32h7xx_it.o
 .debug_macro   0x00030908      0x28a ./Core/Src/system_stm32h7xx.o
 .debug_macro   0x00030b92      0x2b4 ./Drivers/STM32H7xx_HAL_Driver/Src/stm32h7xx_hal.o
 .debug_macro   0x00030e46      0x28a ./Drivers/STM32H7xx_HAL_Driver/Src/stm32h7xx_hal_cortex.o
 .debug_macro   0x000310d0      0x34f ./Drivers/STM32H7xx_HAL_Driver/Src/stm32h7xx_hal_fdcan.o
 .debug_macro   0x0003141f      0x291 ./Drivers/STM32H7xx_HAL_Driver/Src/stm32h7xx_hal_gpio.o
 .debug_macro   0x000316b0      0x2c3 ./Drivers/STM32H7xx_HAL_Driver/Src/stm32h7xx_hal_pwr_ex.o
 .debug_macro   0x00031973      0x2ae ./Drivers/STM32H7xx_HAL_Driver/Src/stm32h7xx_hal_rcc.o
 .debug_macro   0x00031c21      0x2a8 ./Drivers/STM32H7xx_HAL_Driver/Src/stm32h7xx_hal_rcc_ex.o

.debug_line     0x00000000     0xd8ed
 .debug_line    0x00000000      0x988 ./Core/Src/can_status.o
 .debug_line    0x00000988      0xa25 ./Core/Src/enable_logic.o
 .debug_line    0x000013ad      0xb41 ./Core/Src/main.o
 .debug_line    0x00001eee      0x9d7 ./Core/Src/stm32h7xx_hal_msp.o
 .debug_line    0x000028c5      0xa37 ./Core/Src/stm32h7xx_it.o
 .debug_line    0x000032fc      0xb64 ./Core/Src/system_stm32h7xx.o
 .debug_line    0x00003e60       0x7b ./Core/Startup/startup_stm32h723zgtx.o
 .debug_line    0x00003edb      0xfd9 ./Drivers/STM32H7xx_HAL_Driver/Src/stm32h7xx_hal.o
 .debug_line    0x00004eb4      0xf32 ./Drivers/STM32H7xx_HAL_Driver/Src/stm32h7xx_hal_cortex.o
 .debug_line    0x00005de6     0x29d3 ./Drivers/STM32H7xx_HAL_Driver/Src/stm32h7xx_hal_fdcan.o
 .debug_line    0x000087b9      0xdbd ./Drivers/STM32H7xx_HAL_Driver/Src/stm32h7xx_hal_gpio.o
 .debug_line    0x00009576     0x1017 ./Drivers/STM32H7xx_HAL_Driver/Src/stm32h7xx_hal_pwr_ex.o
 .debug_line    0x0000a58d     0x1556 ./Drivers/STM32H7xx_HAL_Driver/Src/stm32h7xx_hal_rcc.o
 .debug_line    0x0000bae3     0x1e0a ./Drivers/STM32H7xx_HAL_Driver/Src/stm32h7xx_hal_rcc_ex.o

.debug_str      0x00000000   0x142fba
 .debug_str     0x00000000   0x142fba ./Core/Src/can_status.o
                             0x13e1f6 (size before relaxing)
 .debug_str     0x00142fba   0x13e31e ./Core/Src/enable_logic.o
 .debug_str     0x00142fba   0x13eecc ./Core/Src/main.o
 .debug_str     0x00142fba   0x13f4fb ./Core/Src/stm32h7xx_hal_msp.o
 .debug_str     0x00142fba   0x13e74f ./Core/Src/stm32h7xx_it.o
 .debug_str     0x00142fba   0x13e5ee ./Core/Src/system_stm32h7xx.o
 .debug_str     0x00142fba       0x70 ./Core/Startup/startup_stm32h723zgtx.o
 .debug_str     0x00142fba   0x13f639 ./Drivers/STM32H7xx_HAL_Driver/Src/stm32h7xx_hal.o
 .debug_str     0x00142fba   0x13ef53 ./Drivers/STM32H7xx_HAL_Driver/Src/stm32h7xx_hal_cortex.o
 .debug_str     0x00142fba   0x14032f ./Drivers/STM32H7xx_HAL_Driver/Src/stm32h7xx_hal_fdcan.o
 .debug_str     0x00142fba   0x13e5fa ./Drivers/STM32H7xx_HAL_Driver/Src/stm32h7xx_hal_gpio.o
 .debug_str     0x00142fba   0x13ea02 ./Drivers/STM32H7xx_HAL_Driver/Src/stm32h7xx_hal_pwr_ex.o
 .debug_str     0x00142fba   0x13e97d ./Drivers/STM32H7xx_HAL_Driver/Src/stm32h7xx_hal_rcc.o
 .debug_str     0x00142fba   0x13ee95 ./Drivers/STM32H7xx_HAL_Driver/Src/stm32h7xx_hal_rcc_ex.o

.comment        0x00000000       0x43
 .comment       0x00000000       0x43 ./Core/Src/can_status.o
                                 0x44 (size before relaxing)
 .comment       0x00000043       0x44 ./Core/Src/enable_logic.o
 .comment       0x00000043       0x44 ./Core/Src/main.o
 .comment       0x00000043       0x44 ./Core/Src/stm32h7xx_hal_msp.o
 .comment       0x00000043       0x44 ./Core/Src/stm32h7xx_it.o
 .comment       0x00000043       0x44 ./Core/Src/system_stm32h7xx.o
 .comment       0x00000043       0x44 ./Drivers/STM32H7xx_HAL_Driver/Src/stm32h7xx_hal.o
 .comment       0x00000043       0x44 ./Drivers/STM32H7xx_HAL_Driver/Src/stm32h7xx_hal_cortex.o
 .comment       0x00000043       0x44 ./Drivers/STM32H7xx_HAL_Driver/Src/stm32h7xx_hal_fdcan.o
 .comment       0x00000043       0x44 ./Drivers/STM32H7xx_HAL_Driver/Src/stm32h7xx_hal_gpio.o
 .comment       0x00000043       0x44 ./Drivers/STM32H7xx_HAL_Driver/Src/stm32h7xx_hal_pwr_ex.o
 .comment       0x00000043       0x44 ./Drivers/STM32H7xx_HAL_Driver/Src/stm32h7xx_hal_rcc.o
 .comment       0x00000043       0x44 ./Drivers/STM32H7xx_HAL_Driver/Src/stm32h7xx_hal_rcc_ex.o

.debug_frame    0x00000000     0x2cac
 .debug_frame   0x00000000       0x38 ./Core/Src/can_status.o
 .debug_frame   0x00000038       0x50 ./Core/Src/enable_logic.o
 .debug_frame   0x00000088       0xf4 ./Core/Src/main.o
 .debug_frame   0x0000017c       0x84 ./Core/Src/stm32h7xx_hal_msp.o
 .debug_frame   0x00000200      0x120 ./Core/Src/stm32h7xx_it.o
 .debug_frame   0x00000320       0x78 ./Core/Src/system_stm32h7xx.o
 .debug_frame   0x00000398      0x760 ./Drivers/STM32H7xx_HAL_Driver/Src/stm32h7xx_hal.o
 .debug_frame   0x00000af8      0x508 ./Drivers/STM32H7xx_HAL_Driver/Src/stm32h7xx_hal_cortex.o
 .debug_frame   0x00001000      0xf9c ./Drivers/STM32H7xx_HAL_Driver/Src/stm32h7xx_hal_fdcan.o
 .debug_frame   0x00001f9c      0x14c ./Drivers/STM32H7xx_HAL_Driver/Src/stm32h7xx_hal_gpio.o
 .debug_frame   0x000020e8      0x540 ./Drivers/STM32H7xx_HAL_Driver/Src/stm32h7xx_hal_pwr_ex.o
 .debug_frame   0x00002628      0x1fc ./Drivers/STM32H7xx_HAL_Driver/Src/stm32h7xx_hal_rcc.o
 .debug_frame   0x00002824      0x414 ./Drivers/STM32H7xx_HAL_Driver/Src/stm32h7xx_hal_rcc_ex.o
 .debug_frame   0x00002c38       0x20 D:/New folder/STM32CubeIDE_1.19.0/STM32CubeIDE/plugins/com.st.stm32cube.ide.mcu.externaltools.gnu-tools-for-stm32.13.3.rel1.win32_1.0.0.202411081344/tools/bin/../lib/gcc/arm-none-eabi/13.3.1/../../../../arm-none-eabi/lib/thumb/v7e-m+dp/hard\libc_nano.a(libc_a-memset.o)
 .debug_frame   0x00002c58       0x2c D:/New folder/STM32CubeIDE_1.19.0/STM32CubeIDE/plugins/com.st.stm32cube.ide.mcu.externaltools.gnu-tools-for-stm32.13.3.rel1.win32_1.0.0.202411081344/tools/bin/../lib/gcc/arm-none-eabi/13.3.1/../../../../arm-none-eabi/lib/thumb/v7e-m+dp/hard\libc_nano.a(libc_a-init.o)
 .debug_frame   0x00002c84       0x28 D:/New folder/STM32CubeIDE_1.19.0/STM32CubeIDE/plugins/com.st.stm32cube.ide.mcu.externaltools.gnu-tools-for-stm32.13.3.rel1.win32_1.0.0.202411081344/tools/bin/../lib/gcc/arm-none-eabi/13.3.1/../../../../arm-none-eabi/lib/thumb/v7e-m+dp/hard\libc_nano.a(libc_a-memcpy-stub.o)

.debug_line_str
                0x00000000       0x54
 .debug_line_str
                0x00000000       0x54 ./Core/Startup/startup_stm32h723zgtx.o
